Backend error message
---------------------
Error: java.lang.ClassNotFoundException: org.apache.commons.collections.buffer.CircularFifoBuffer
	at java.net.URLClassLoader.findClass(URLClassLoader.java:387)
	at java.lang.ClassLoader.loadClass(ClassLoader.java:418)
	at sun.misc.Launcher$AppClassLoader.loadClass(Launcher.java:352)
	at java.lang.ClassLoader.loadClass(ClassLoader.java:351)
	at org.apache.pig.impl.io.InterRecordReader.skipUntilMarkerOrSplitEndOrEOF(InterRecordReader.java:95)
	at org.apache.pig.impl.io.InterRecordReader.nextKeyValue(InterRecordReader.java:179)
	at org.apache.pig.impl.io.InterStorage.getNext(InterStorage.java:79)
	at org.apache.pig.impl.io.ReadToEndLoader.getNextHelper(ReadToEndLoader.java:238)
	at org.apache.pig.impl.io.ReadToEndLoader.getNext(ReadToEndLoader.java:218)
	at org.apache.pig.backend.hadoop.executionengine.physicalLayer.relationalOperators.LoadFuncDecorator.getNext(LoadFuncDecorator.java:74)
	at org.apache.pig.backend.hadoop.executionengine.physicalLayer.relationalOperators.POLoad.getNextTuple(POLoad.java:139)
	at org.apache.pig.backend.hadoop.executionengine.physicalLayer.PhysicalOperator.processInput(PhysicalOperator.java:305)
	at org.apache.pig.backend.hadoop.executionengine.physicalLayer.relationalOperators.POLocalRearrange.getNextTuple(POLocalRearrange.java:287)
	at org.apache.pig.backend.hadoop.executionengine.physicalLayer.relationalOperators.POFRJoin.setUpHashMap(POFRJoin.java:415)
	at org.apache.pig.backend.hadoop.executionengine.physicalLayer.relationalOperators.POFRJoin.getNextTuple(POFRJoin.java:242)
	at org.apache.pig.backend.hadoop.executionengine.physicalLayer.PhysicalOperator.processInput(PhysicalOperator.java:305)
	at org.apache.pig.backend.hadoop.executionengine.physicalLayer.relationalOperators.POPreCombinerLocalRearrange.getNextTuple(POPreCombinerLocalRearrange.java:121)
	at org.apache.pig.backend.hadoop.executionengine.physicalLayer.PhysicalOperator.processInput(PhysicalOperator.java:305)
	at org.apache.pig.backend.hadoop.executionengine.physicalLayer.relationalOperators.POForEach.getNextTuple(POForEach.java:260)
	at org.apache.pig.backend.hadoop.executionengine.physicalLayer.PhysicalOperator.processInput(PhysicalOperator.java:305)
	at org.apache.pig.backend.hadoop.executionengine.physicalLayer.relationalOperators.POLocalRearrange.getNextTuple(POLocalRearrange.java:287)
	at org.apache.pig.backend.hadoop.executionengine.mapReduceLayer.PigGenericMapBase.runPipeline(PigGenericMapBase.java:280)
	at org.apache.pig.backend.hadoop.executionengine.mapReduceLayer.PigGenericMapBase.map(PigGenericMapBase.java:275)
	at org.apache.pig.backend.hadoop.executionengine.mapReduceLayer.PigGenericMapBase.map(PigGenericMapBase.java:65)
	at org.apache.hadoop.mapreduce.Mapper.run(Mapper.java:145)
	at org.apache.hadoop.mapred.MapTask.runNewMapper(MapTask.java:800)
	at org.apache.hadoop.mapred.MapTask.run(MapTask.java:348)
	at org.apache.hadoop.mapred.YarnChild$2.run(YarnChild.java:178)
	at java.security.AccessController.doPrivileged(Native Method)
	at javax.security.auth.Subject.doAs(Subject.java:422)
	at org.apache.hadoop.security.UserGroupInformation.doAs(UserGroupInformation.java:1953)
	at org.apache.hadoop.mapred.YarnChild.main(YarnChild.java:172)

Pig Stack Trace
---------------
ERROR 0: java.lang.ClassNotFoundException: org.apache.commons.collections.buffer.CircularFifoBuffer

org.apache.pig.backend.executionengine.ExecException: ERROR 0: java.lang.ClassNotFoundException: org.apache.commons.collections.buffer.CircularFifoBuffer
	at org.apache.pig.backend.hadoop.executionengine.mapReduceLayer.MapReduceLauncher.getStats(MapReduceLauncher.java:845)
	at org.apache.pig.backend.hadoop.executionengine.mapReduceLayer.MapReduceLauncher.launchPig(MapReduceLauncher.java:474)
	at org.apache.pig.backend.hadoop.executionengine.HExecutionEngine.launchPig(HExecutionEngine.java:290)
	at org.apache.pig.PigServer.launchPlan(PigServer.java:1479)
	at org.apache.pig.PigServer.executeCompiledLogicalPlan(PigServer.java:1464)
	at org.apache.pig.PigServer.execute(PigServer.java:1453)
	at org.apache.pig.PigServer.executeBatch(PigServer.java:489)
	at org.apache.pig.PigServer.executeBatch(PigServer.java:472)
	at org.apache.pig.tools.grunt.GruntParser.executeBatch(GruntParser.java:172)
	at org.apache.pig.tools.grunt.GruntParser.parseStopOnError(GruntParser.java:235)
	at org.apache.pig.tools.grunt.GruntParser.parseStopOnError(GruntParser.java:206)
	at org.apache.pig.tools.grunt.Grunt.exec(Grunt.java:81)
	at org.apache.pig.Main.run(Main.java:500)
	at org.apache.pig.Main.main(Main.java:175)
	at sun.reflect.NativeMethodAccessorImpl.invoke0(Native Method)
	at sun.reflect.NativeMethodAccessorImpl.invoke(NativeMethodAccessorImpl.java:62)
	at sun.reflect.DelegatingMethodAccessorImpl.invoke(DelegatingMethodAccessorImpl.java:43)
	at java.lang.reflect.Method.invoke(Method.java:498)
	at org.apache.hadoop.util.RunJar.run(RunJar.java:333)
	at org.apache.hadoop.util.RunJar.main(RunJar.java:254)
Caused by: java.lang.ClassNotFoundException: org.apache.commons.collections.buffer.CircularFifoBuffer
	at java.net.URLClassLoader.findClass(URLClassLoader.java:387)
	at java.lang.ClassLoader.loadClass(ClassLoader.java:418)
	at sun.misc.Launcher$AppClassLoader.loadClass(Launcher.java:352)
	at java.lang.ClassLoader.loadClass(ClassLoader.java:351)
	at org.apache.pig.impl.io.InterRecordReader.skipUntilMarkerOrSplitEndOrEOF(InterRecordReader.java:95)
	at org.apache.pig.impl.io.InterRecordReader.nextKeyValue(InterRecordReader.java:179)
	at org.apache.pig.impl.io.InterStorage.getNext(InterStorage.java:79)
	at org.apache.pig.impl.io.ReadToEndLoader.getNextHelper(ReadToEndLoader.java:238)
	at org.apache.pig.impl.io.ReadToEndLoader.getNext(ReadToEndLoader.java:218)
	at org.apache.pig.backend.hadoop.executionengine.physicalLayer.relationalOperators.LoadFuncDecorator.getNext(LoadFuncDecorator.java:74)
	at org.apache.pig.backend.hadoop.executionengine.physicalLayer.relationalOperators.POLoad.getNextTuple(POLoad.java:139)
	at org.apache.pig.backend.hadoop.executionengine.physicalLayer.PhysicalOperator.processInput(PhysicalOperator.java:305)
	at org.apache.pig.backend.hadoop.executionengine.physicalLayer.relationalOperators.POLocalRearrange.getNextTuple(POLocalRearrange.java:287)
	at org.apache.pig.backend.hadoop.executionengine.physicalLayer.relationalOperators.POFRJoin.setUpHashMap(POFRJoin.java:415)
	at org.apache.pig.backend.hadoop.executionengine.physicalLayer.relationalOperators.POFRJoin.getNextTuple(POFRJoin.java:242)
	at org.apache.pig.backend.hadoop.executionengine.physicalLayer.PhysicalOperator.processInput(PhysicalOperator.java:305)
	at org.apache.pig.backend.hadoop.executionengine.physicalLayer.relationalOperators.POPreCombinerLocalRearrange.getNextTuple(POPreCombinerLocalRearrange.java:121)
	at org.apache.pig.backend.hadoop.executionengine.physicalLayer.PhysicalOperator.processInput(PhysicalOperator.java:305)
	at org.apache.pig.backend.hadoop.executionengine.physicalLayer.relationalOperators.POForEach.getNextTuple(POForEach.java:260)
	at org.apache.pig.backend.hadoop.executionengine.physicalLayer.PhysicalOperator.processInput(PhysicalOperator.java:305)
	at org.apache.pig.backend.hadoop.executionengine.physicalLayer.relationalOperators.POLocalRearrange.getNextTuple(POLocalRearrange.java:287)
	at org.apache.pig.backend.hadoop.executionengine.mapReduceLayer.PigGenericMapBase.runPipeline(PigGenericMapBase.java:280)
	at org.apache.pig.backend.hadoop.executionengine.mapReduceLayer.PigGenericMapBase.map(PigGenericMapBase.java:275)
	at org.apache.pig.backend.hadoop.executionengine.mapReduceLayer.PigGenericMapBase.map(PigGenericMapBase.java:65)
	at org.apache.hadoop.mapreduce.Mapper.run(Mapper.java:145)
	at org.apache.hadoop.mapred.MapTask.runNewMapper(MapTask.java:800)
	at org.apache.hadoop.mapred.MapTask.run(MapTask.java:348)
	at org.apache.hadoop.mapred.YarnChild$2.run(YarnChild.java:178)
	at java.security.AccessController.doPrivileged(Native Method)
	at javax.security.auth.Subject.doAs(Subject.java:422)
	at org.apache.hadoop.security.UserGroupInformation.doAs(UserGroupInformation.java:1953)
================================================================================
Pig Stack Trace
---------------
ERROR 2244: Job failed, hadoop does not return any error message

org.apache.pig.backend.executionengine.ExecException: ERROR 2244: Job failed, hadoop does not return any error message
	at org.apache.pig.tools.grunt.GruntParser.executeBatch(GruntParser.java:182)
	at org.apache.pig.tools.grunt.GruntParser.parseStopOnError(GruntParser.java:235)
	at org.apache.pig.tools.grunt.GruntParser.parseStopOnError(GruntParser.java:206)
	at org.apache.pig.tools.grunt.Grunt.exec(Grunt.java:81)
	at org.apache.pig.Main.run(Main.java:500)
	at org.apache.pig.Main.main(Main.java:175)
	at sun.reflect.NativeMethodAccessorImpl.invoke0(Native Method)
	at sun.reflect.NativeMethodAccessorImpl.invoke(NativeMethodAccessorImpl.java:62)
	at sun.reflect.DelegatingMethodAccessorImpl.invoke(DelegatingMethodAccessorImpl.java:43)
	at java.lang.reflect.Method.invoke(Method.java:498)
	at org.apache.hadoop.util.RunJar.run(RunJar.java:333)
	at org.apache.hadoop.util.RunJar.main(RunJar.java:254)
================================================================================
Pig Stack Trace
---------------
ERROR 2244: Job failed, hadoop does not return any error message

org.apache.pig.backend.executionengine.ExecException: ERROR 2244: Job failed, hadoop does not return any error message
	at org.apache.pig.tools.grunt.GruntParser.executeBatch(GruntParser.java:182)
	at org.apache.pig.tools.grunt.GruntParser.parseStopOnError(GruntParser.java:235)
	at org.apache.pig.tools.grunt.GruntParser.parseStopOnError(GruntParser.java:206)
	at org.apache.pig.tools.grunt.Grunt.exec(Grunt.java:81)
	at org.apache.pig.Main.run(Main.java:500)
	at org.apache.pig.Main.main(Main.java:175)
	at sun.reflect.NativeMethodAccessorImpl.invoke0(Native Method)
	at sun.reflect.NativeMethodAccessorImpl.invoke(NativeMethodAccessorImpl.java:62)
	at sun.reflect.DelegatingMethodAccessorImpl.invoke(DelegatingMethodAccessorImpl.java:43)
	at java.lang.reflect.Method.invoke(Method.java:498)
	at org.apache.hadoop.util.RunJar.run(RunJar.java:333)
	at org.apache.hadoop.util.RunJar.main(RunJar.java:254)
================================================================================
