Pig Stack Trace
---------------
ERROR 1200: <file pig/Query41.pig, line 32, column 17>  Syntax error, unexpected symbol at or near 'matches'

org.apache.pig.impl.logicalLayer.FrontendException: ERROR 1000: Error during parsing. <file pig/Query41.pig, line 32, column 17>  Syntax error, unexpected symbol at or near 'matches'
	at org.apache.pig.PigServer$Graph.parseQuery(PigServer.java:1841)
	at org.apache.pig.PigServer$Graph.access$000(PigServer.java:1536)
	at org.apache.pig.PigServer.parseAndBuild(PigServer.java:461)
	at org.apache.pig.PigServer.executeBatch(PigServer.java:486)
	at org.apache.pig.PigServer.executeBatch(PigServer.java:472)
	at org.apache.pig.tools.grunt.GruntParser.executeBatch(GruntParser.java:172)
	at org.apache.pig.tools.grunt.GruntParser.parseStopOnError(GruntParser.java:235)
	at org.apache.pig.tools.grunt.GruntParser.parseStopOnError(GruntParser.java:206)
	at org.apache.pig.tools.grunt.Grunt.exec(Grunt.java:81)
	at org.apache.pig.Main.run(Main.java:500)
	at org.apache.pig.Main.main(Main.java:175)
	at sun.reflect.NativeMethodAccessorImpl.invoke0(Native Method)
	at sun.reflect.NativeMethodAccessorImpl.invoke(NativeMethodAccessorImpl.java:62)
	at sun.reflect.DelegatingMethodAccessorImpl.invoke(DelegatingMethodAccessorImpl.java:43)
	at java.lang.reflect.Method.invoke(Method.java:498)
	at org.apache.hadoop.util.RunJar.run(RunJar.java:333)
	at org.apache.hadoop.util.RunJar.main(RunJar.java:254)
Caused by: Failed to parse: <file pig/Query41.pig, line 32, column 17>  Syntax error, unexpected symbol at or near 'matches'
	at org.apache.pig.parser.QueryParserDriver.parse(QueryParserDriver.java:244)
	at org.apache.pig.parser.QueryParserDriver.parse(QueryParserDriver.java:182)
	at org.apache.pig.PigServer$Graph.parseQuery(PigServer.java:1828)
	... 16 more
================================================================================
